Microchip MPLAB XC8 Compiler V2.41

Linker command line:

--edf=C:\Program Files\Microchip\xc8\v2.41\pic\dat\20230208172133_en.msgs \
  -cn -h+dist/default/production\MAX7219_Testing.X.production.sym \
  --cmf=dist/default/production\MAX7219_Testing.X.production.cmf -z \
  -Q16F616 -oC:\Users\Umair\AppData\Local\Temp\xcAspdc.\driver_tmp_3.obj \
  -Mdist/default/production/MAX7219_Testing.X.production.map \
  --md=C:\Users\Umair\AppData\Local\Temp\xcAspdc.\driver_tmp_0.dat -E1 \
  -ver=XC8 Compiler -ACODE=00h-07FFh -ASTRCODE=00h-07FFh \
  -ASTRING=00h-0FFhx8 -ACONST=00h-0FFhx8 -AENTRY=00h-0FFhx8 \
  -ACOMMON=070h-07Fh -ABANK0=020h-06Fh -ABANK1=0A0h-0BFh \
  -ARAM=020h-06Fh,0A0h-0BFh -AABS1=020h-07Fh,0A0h-0BFh -ASFR0=00h-01Fh \
  -ASFR1=080h-09Fh -ACONFIG=02007h-02007h -DCONFIG=2 -AIDLOC=02000h-02003h \
  -DIDLOC=2 -DCODE=2 -DSTRCODE=2 -DSTRING=2 -DCONST=2 -DENTRY=2 \
  -preset_vec=00h,intentry,init,end_init -ppowerup=CODE -pcinit=CODE \
  -pfunctab=ENTRY -k \
  C:\Users\Umair\AppData\Local\Temp\xcAspdc.\driver_tmp_9.obj \
  dist/default/production\MAX7219_Testing.X.production.obj 

Object code version is 3.11

Machine type is 16F616



                Name                               Link     Load   Length Selector   Space Scale
C:\Users\Umair\AppData\Local\Temp\xcAspdc.\driver_tmp_9.obj
                end_init                              0        0        1        0       0
                config                             2007     2007        1        0       4
dist/default/production\MAX7219_Testing.X.production.obj
                cinit                               7FE      7FE        2      FFC       0
                config                             2007     2007        1        0       4
                text5                               7B6      7B6       48      F6C       0
                text4                               6F2      6F2       14      DE4       0
                text3                               738      738       3C      E70       0
                text2                               706      706       32      E0C       0
                text1                               6ED      6ED        5      DDA       0
                maintext                            774      774       42      EE8       0
                cstackBANK0                          20       20        5       20       1
                cstackCOMMON                         70       70        B       70       1

TOTAL           Name                               Link     Load   Length     Space
        CLASS   CODE           
                end_init                              0        0        1         0
                cinit                               7FE      7FE        2         0
                text5                               7B6      7B6       48         0
                text4                               6F2      6F2       14         0
                text3                               738      738       3C         0
                text2                               706      706       32         0
                text1                               6ED      6ED        5         0
                maintext                            774      774       42         0

        CLASS   STRCODE        

        CLASS   STRING         

        CLASS   CONST          

        CLASS   ENTRY          

        CLASS   COMMON         
                cstackCOMMON                         70       70        B         1

        CLASS   BANK0          
                cstackBANK0                          20       20        5         1

        CLASS   BANK1          

        CLASS   RAM            

        CLASS   ABS1           
                abs_s1                               7E       7E        2         1

        CLASS   SFR0           

        CLASS   SFR1           

        CLASS   CONFIG         
                config                             2007     2007        1         4

        CLASS   IDLOC          

        CLASS   STACK          

        CLASS   EEDATA         



SEGMENTS        Name                           Load    Length   Top    Selector   Space  Class     Delta

                reset_vec                      000000  000001  000001         0       0  CODE        2
                cstackBANK0                    000020  000005  000025        20       1  BANK0       1
                cstackCOMMON                   000070  00000B  00007B        70       1  COMMON      1
                text1                          0006ED  000005  0006F2       DDA       0  CODE        2
                text4                          0006F2  000014  000706       DE4       0  CODE        2
                text2                          000706  000032  000738       E0C       0  CODE        2
                text3                          000738  00003C  000774       E70       0  CODE        2
                maintext                       000774  000042  0007B6       EE8       0  CODE        2
                text5                          0007B6  000048  0007FE       F6C       0  CODE        2
                cinit                          0007FE  000002  000800       FFC       0  CODE        2


UNUSED ADDRESS RANGES

        Name                Unused          Largest block    Delta
        BANK0            0025-006F             4B           1
        BANK1            00A0-00BF             20           1
        CODE             0001-06EC            6EC           2
        COMMON           007B-007D              3           1
        CONST            0001-06EC            100           2
        ENTRY            0001-06EC            100           2
        IDLOC            2000-2003              4           2
        RAM              0025-006F             4B           1
                         00A0-00BF             20
        SFR0             0000-001F             20           1
        SFR1             0080-009F             20           1
        STRCODE          0001-06EC            6EC           2
        STRING           0001-06EC            100           2

                                  Symbol Table

?___lwdiv                cstackCOMMON 0070
?___lwmod                cstackCOMMON 0070
SPI_send@addr            cstackCOMMON 0072
SPI_send@data            cstackCOMMON 0070
SPI_send@i               cstackCOMMON 0073
_ANSEL                   (abs)        0091
_MAX7219_Setup           text4        06F2
_PORTCbits               (abs)        0007
_SPI_send                text5        07B6
_TRISCbits               (abs)        0087
__H__absolute__          __absolute__ 0000
__Habs1                  abs1         0000
__Hbank0                 bank0        0000
__Hbank1                 bank1        0000
__Hcinit                 cinit        0800
__Hclrtext               clrtext      0000
__Hcode                  code         0000
__Hcommon                common       0000
__Hconfig                config       2008
__HcstackBANK0           cstackBANK0  0000
__HcstackCOMMON          cstackCOMMON 0000
__Heeprom_data           eeprom_data  0000
__Hend_init              end_init     0001
__Hfunctab               functab      0000
__Hinit                  init         0000
__Hintentry              intentry     0000
__Hmaintext              maintext     0000
__Hpowerup               powerup      0000
__Hram                   ram          0000
__Hreset_vec             reset_vec    0000
__Hsfr0                  sfr0         0000
__Hsfr1                  sfr1         0000
__Hspace_0               (abs)        0800
__Hspace_1               (abs)        007B
__Hspace_2               (abs)        0000
__Hspace_3               (abs)        0000
__Hspace_4               (abs)        400F
__Hstack                 stack        0000
__Hstrings               strings      0000
__Htext                  text         0000
__L__absolute__          __absolute__ 0000
__Labs1                  abs1         0000
__Lbank0                 bank0        0000
__Lbank1                 bank1        0000
__Lcinit                 cinit        07FE
__Lclrtext               clrtext      0000
__Lcode                  code         0000
__Lcommon                common       0000
__Lconfig                config       0000
__LcstackBANK0           cstackBANK0  0000
__LcstackCOMMON          cstackCOMMON 0000
__Leeprom_data           eeprom_data  0000
__Lend_init              end_init     0000
__Lfunctab               functab      0000
__Linit                  init         0000
__Lintentry              intentry     0000
__Lmaintext              maintext     0000
__Lpowerup               powerup      0000
__Lram                   ram          0000
__Lreset_vec             reset_vec    0000
__Lsfr0                  sfr0         0000
__Lsfr1                  sfr1         0000
__Lspace_0               (abs)        0000
__Lspace_1               (abs)        0000
__Lspace_2               (abs)        0000
__Lspace_3               (abs)        0000
__Lspace_4               (abs)        0000
__Lstack                 stack        0000
__Lstrings               strings      0000
__Ltext                  text         0000
__S0                     (abs)        0800
__S1                     (abs)        007B
___int_sp                stack        0000
___latbits               (abs)        0000
___lwdiv                 text3        0738
___lwdiv@counter         cstackCOMMON 0076
___lwdiv@dividend        cstackCOMMON 0072
___lwdiv@divisor         cstackCOMMON 0070
___lwdiv@quotient        cstackCOMMON 0074
___lwmod                 text2        0706
___lwmod@counter         cstackCOMMON 0074
___lwmod@dividend        cstackCOMMON 0072
___lwmod@divisor         cstackCOMMON 0070
___sp                    stack        0000
___stackhi               (abs)        0000
___stacklo               (abs)        0000
__end_of_MAX7219_Setup   text4        0706
__end_of_SPI_send        text5        07FE
__end_of___lwdiv         text3        0774
__end_of___lwmod         text2        0738
__end_of__initialization cinit        07FE
__end_of_display         text1        06F2
__end_of_main            maintext     07B6
__initialization         cinit        07FE
__pcstackBANK0           cstackBANK0  0020
__pcstackCOMMON          cstackCOMMON 0070
__pmaintext              maintext     0774
__ptext1                 text1        06ED
__ptext2                 text2        0706
__ptext3                 text3        0738
__ptext4                 text4        06F2
__ptext5                 text5        07B6
_display                 text1        06ED
_main                    maintext     0774
btemp                    (abs)        007E
display@digit_X          cstackCOMMON 0075
display@val              cstackCOMMON 0077
end_of_initialization    cinit        07FE
intlevel0                functab      0000
intlevel1                functab      0000
intlevel2                functab      0000
intlevel3                functab      0000
intlevel4                functab      0000
intlevel5                functab      0000
main@i                   cstackBANK0  0020
main@j                   cstackBANK0  0024
main@temp                cstackBANK0  0022
reset_vec                reset_vec    0000
start                    init         0000
start_initialization     cinit        07FE
wtemp0                   (abs)        007E


MODULE INFORMATION

Module		Function		Class		Link	Load	Size
MAX7219_main.c
		_display       		CODE           	06ED	0000	5
		_SPI_send      		CODE           	07B6	0000	72
		_main          		CODE           	0774	0000	66
		_MAX7219_Setup 		CODE           	06F2	0000	20

MAX7219_main.c estimated size: 163

C:\Program Files\Microchip\xc8\v2.41\pic\sources\c90\common\lwdiv.c
		___lwdiv       		CODE           	0738	0000	60

C:\Program Files\Microchip\xc8\v2.41\pic\sources\c90\common\lwdiv.c estimated size: 60

shared
		__initialization		CODE           	07FE	0000	1

shared estimated size: 1

C:\Program Files\Microchip\xc8\v2.41\pic\sources\c90\common\lwmod.c
		___lwmod       		CODE           	0706	0000	50

C:\Program Files\Microchip\xc8\v2.41\pic\sources\c90\common\lwmod.c estimated size: 50

